// Vitest Snapshot v1, https://vitest.dev/guide/snapshot.html

exports[`Button component > should render correctly 1`] = `
<div>
  <button
    class="_btn_0bbf54"
  >
    <span>
      Нажми меня!
    </span>
  </button>
</div>
`;
